xrun(64): 24.09-s013: (c) Copyright 1995-2025 Cadence Design Systems, Inc.
TOOL:	xrun(64)	24.09-s013: Started on Sep 21, 2026 at 14:18:14 EDT
xrun
	-f run.f
		-64
		-uvmhome /apps/cds/xcelium2409/tools/methodology/UVM/CDNS-1.1d
		-incdir ../sv
		-uvmnocdnsextra
		+UVM_VERBOSITY=UVM_LOW
		+UVM_TESTNAME=short_packet_test
		../sv/yapp_pkg.sv
		top.sv
	+UVM_TESTNAME=exhaustive_seq_test

   User defined plus("+") options:
	+UVM_VERBOSITY=UVM_LOW

DEFINE std       ./STD
|
xrun: *W,DLCPTH (/apps/cds/xcelium2409/tools/inca/files/cdsvhdl.lib,1): cds.lib Invalid path '/apps/cds/xcelium2409/tools/inca/files/STD' (cds.lib command ignored).
DEFINE synopsys  ./SYNOPSYS
|
xrun: *W,DLCPTH (/apps/cds/xcelium2409/tools/inca/files/cdsvhdl.lib,2): cds.lib Invalid path '/apps/cds/xcelium2409/tools/inca/files/SYNOPSYS' (cds.lib command ignored).
DEFINE ieee      ./IEEE
|
xrun: *W,DLCPTH (/apps/cds/xcelium2409/tools/inca/files/cdsvhdl.lib,3): cds.lib Invalid path '/apps/cds/xcelium2409/tools/inca/files/IEEE' (cds.lib command ignored).
DEFINE ambit     ./AMBIT
|
xrun: *W,DLCPTH (/apps/cds/xcelium2409/tools/inca/files/cdsvhdl.lib,4): cds.lib Invalid path '/apps/cds/xcelium2409/tools/inca/files/AMBIT' (cds.lib command ignored).
DEFINE vital_memory ./VITAL_MEMORY
|
xrun: *W,DLCPTH (/apps/cds/xcelium2409/tools/inca/files/cdsvhdl.lib,5): cds.lib Invalid path '/apps/cds/xcelium2409/tools/inca/files/VITAL_MEMORY' (cds.lib command ignored).
DEFINE ncutils ./NCUTILS
|
xrun: *W,DLCPTH (/apps/cds/xcelium2409/tools/inca/files/cdsvhdl.lib,6): cds.lib Invalid path '/apps/cds/xcelium2409/tools/inca/files/NCUTILS' (cds.lib command ignored).
DEFINE ncinternal ./NCINTERNAL
|
xrun: *W,DLCPTH (/apps/cds/xcelium2409/tools/inca/files/cdsvhdl.lib,7): cds.lib Invalid path '/apps/cds/xcelium2409/tools/inca/files/NCINTERNAL' (cds.lib command ignored).
DEFINE ncmodels ./NCMODELS
|
xrun: *W,DLCPTH (/apps/cds/xcelium2409/tools/inca/files/cdsvhdl.lib,8): cds.lib Invalid path '/apps/cds/xcelium2409/tools/inca/files/NCMODELS' (cds.lib command ignored).
DEFINE xmutils ./XMUTILS
|
xrun: *W,DLCPTH (/apps/cds/xcelium2409/tools/inca/files/cdsvhdl.lib,9): cds.lib Invalid path '/apps/cds/xcelium2409/tools/inca/files/XMUTILS' (cds.lib command ignored).
DEFINE xminternal ./XMINTERNAL
|
xrun: *W,DLCPTH (/apps/cds/xcelium2409/tools/inca/files/cdsvhdl.lib,10): cds.lib Invalid path '/apps/cds/xcelium2409/tools/inca/files/XMINTERNAL' (cds.lib command ignored).
DEFINE xmmodels ./XMMODELS
|
xrun: *W,DLCPTH (/apps/cds/xcelium2409/tools/inca/files/cdsvhdl.lib,11): cds.lib Invalid path '/apps/cds/xcelium2409/tools/inca/files/XMMODELS' (cds.lib command ignored).
DEFINE cds_assertions ./CDS_ASSERTIONS
|
xrun: *W,DLCPTH (/apps/cds/xcelium2409/tools/inca/files/cdsvhdl.lib,12): cds.lib Invalid path '/apps/cds/xcelium2409/tools/inca/files/CDS_ASSERTIONS' (cds.lib command ignored).
DEFINE cds_inhconn ./CDS_INHCONN
|
xrun: *W,DLCPTH (/apps/cds/xcelium2409/tools/inca/files/cdsvhdl.lib,13): cds.lib Invalid path '/apps/cds/xcelium2409/tools/inca/files/CDS_INHCONN' (cds.lib command ignored).
DEFINE cds_spicelib ./CDS_SPICELIB
|
xrun: *W,DLCPTH (/apps/cds/xcelium2409/tools/inca/files/cdsvhdl.lib,14): cds.lib Invalid path '/apps/cds/xcelium2409/tools/inca/files/CDS_SPICELIB' (cds.lib command ignored).
DEFINE cds_amsfunctions ./CDS_AMSFUNCTIONS
|
xrun: *W,DLCPTH (/apps/cds/xcelium2409/tools/inca/files/cdsvhdl.lib,15): cds.lib Invalid path '/apps/cds/xcelium2409/tools/inca/files/CDS_AMSFUNCTIONS' (cds.lib command ignored).
DEFINE std       ./STD
|
xrun: *W,DLCPTH (/apps/cds/xcelium2409/tools/inca/files/cdsvhdl.lib,1): cds.lib Invalid path '/apps/cds/xcelium2409/tools/inca/files/STD' (cds.lib command ignored).
DEFINE synopsys  ./SYNOPSYS
|
xrun: *W,DLCPTH (/apps/cds/xcelium2409/tools/inca/files/cdsvhdl.lib,2): cds.lib Invalid path '/apps/cds/xcelium2409/tools/inca/files/SYNOPSYS' (cds.lib command ignored).
DEFINE ieee      ./IEEE
|
xrun: *W,DLCPTH (/apps/cds/xcelium2409/tools/inca/files/cdsvhdl.lib,3): cds.lib Invalid path '/apps/cds/xcelium2409/tools/inca/files/IEEE' (cds.lib command ignored).
DEFINE ambit     ./AMBIT
|
xrun: *W,DLCPTH (/apps/cds/xcelium2409/tools/inca/files/cdsvhdl.lib,4): cds.lib Invalid path '/apps/cds/xcelium2409/tools/inca/files/AMBIT' (cds.lib command ignored).
DEFINE vital_memory ./VITAL_MEMORY
|
xrun: *W,DLCPTH (/apps/cds/xcelium2409/tools/inca/files/cdsvhdl.lib,5): cds.lib Invalid path '/apps/cds/xcelium2409/tools/inca/files/VITAL_MEMORY' (cds.lib command ignored).
DEFINE ncutils ./NCUTILS
|
xrun: *W,DLCPTH (/apps/cds/xcelium2409/tools/inca/files/cdsvhdl.lib,6): cds.lib Invalid path '/apps/cds/xcelium2409/tools/inca/files/NCUTILS' (cds.lib command ignored).
DEFINE ncinternal ./NCINTERNAL
|
xrun: *W,DLCPTH (/apps/cds/xcelium2409/tools/inca/files/cdsvhdl.lib,7): cds.lib Invalid path '/apps/cds/xcelium2409/tools/inca/files/NCINTERNAL' (cds.lib command ignored).
DEFINE ncmodels ./NCMODELS
|
xrun: *W,DLCPTH (/apps/cds/xcelium2409/tools/inca/files/cdsvhdl.lib,8): cds.lib Invalid path '/apps/cds/xcelium2409/tools/inca/files/NCMODELS' (cds.lib command ignored).
DEFINE xmutils ./XMUTILS
|
xrun: *W,DLCPTH (/apps/cds/xcelium2409/tools/inca/files/cdsvhdl.lib,9): cds.lib Invalid path '/apps/cds/xcelium2409/tools/inca/files/XMUTILS' (cds.lib command ignored).
DEFINE xminternal ./XMINTERNAL
|
xrun: *W,DLCPTH (/apps/cds/xcelium2409/tools/inca/files/cdsvhdl.lib,10): cds.lib Invalid path '/apps/cds/xcelium2409/tools/inca/files/XMINTERNAL' (cds.lib command ignored).
DEFINE xmmodels ./XMMODELS
|
xrun: *W,DLCPTH (/apps/cds/xcelium2409/tools/inca/files/cdsvhdl.lib,11): cds.lib Invalid path '/apps/cds/xcelium2409/tools/inca/files/XMMODELS' (cds.lib command ignored).
DEFINE cds_assertions ./CDS_ASSERTIONS
|
xrun: *W,DLCPTH (/apps/cds/xcelium2409/tools/inca/files/cdsvhdl.lib,12): cds.lib Invalid path '/apps/cds/xcelium2409/tools/inca/files/CDS_ASSERTIONS' (cds.lib command ignored).
DEFINE cds_inhconn ./CDS_INHCONN
|
xrun: *W,DLCPTH (/apps/cds/xcelium2409/tools/inca/files/cdsvhdl.lib,13): cds.lib Invalid path '/apps/cds/xcelium2409/tools/inca/files/CDS_INHCONN' (cds.lib command ignored).
DEFINE cds_spicelib ./CDS_SPICELIB
|
xrun: *W,DLCPTH (/apps/cds/xcelium2409/tools/inca/files/cdsvhdl.lib,14): cds.lib Invalid path '/apps/cds/xcelium2409/tools/inca/files/CDS_SPICELIB' (cds.lib command ignored).
DEFINE cds_amsfunctions ./CDS_AMSFUNCTIONS
|
xrun: *W,DLCPTH (/apps/cds/xcelium2409/tools/inca/files/cdsvhdl.lib,15): cds.lib Invalid path '/apps/cds/xcelium2409/tools/inca/files/CDS_AMSFUNCTIONS' (cds.lib command ignored).
DEFINE std       ./STD
|
xrun: *W,DLCPTH (/apps/cds/xcelium2409/tools/inca/files/cdsvhdl.lib,1): cds.lib Invalid path '/apps/cds/xcelium2409/tools/inca/files/STD' (cds.lib command ignored).
DEFINE synopsys  ./SYNOPSYS
|
xrun: *W,DLCPTH (/apps/cds/xcelium2409/tools/inca/files/cdsvhdl.lib,2): cds.lib Invalid path '/apps/cds/xcelium2409/tools/inca/files/SYNOPSYS' (cds.lib command ignored).
DEFINE ieee      ./IEEE
|
xrun: *W,DLCPTH (/apps/cds/xcelium2409/tools/inca/files/cdsvhdl.lib,3): cds.lib Invalid path '/apps/cds/xcelium2409/tools/inca/files/IEEE' (cds.lib command ignored).
DEFINE ambit     ./AMBIT
|
xrun: *W,DLCPTH (/apps/cds/xcelium2409/tools/inca/files/cdsvhdl.lib,4): cds.lib Invalid path '/apps/cds/xcelium2409/tools/inca/files/AMBIT' (cds.lib command ignored).
DEFINE vital_memory ./VITAL_MEMORY
|
xrun: *W,DLCPTH (/apps/cds/xcelium2409/tools/inca/files/cdsvhdl.lib,5): cds.lib Invalid path '/apps/cds/xcelium2409/tools/inca/files/VITAL_MEMORY' (cds.lib command ignored).
DEFINE ncutils ./NCUTILS
|
xrun: *W,DLCPTH (/apps/cds/xcelium2409/tools/inca/files/cdsvhdl.lib,6): cds.lib Invalid path '/apps/cds/xcelium2409/tools/inca/files/NCUTILS' (cds.lib command ignored).
DEFINE ncinternal ./NCINTERNAL
|
xrun: *W,DLCPTH (/apps/cds/xcelium2409/tools/inca/files/cdsvhdl.lib,7): cds.lib Invalid path '/apps/cds/xcelium2409/tools/inca/files/NCINTERNAL' (cds.lib command ignored).
DEFINE ncmodels ./NCMODELS
|
xrun: *W,DLCPTH (/apps/cds/xcelium2409/tools/inca/files/cdsvhdl.lib,8): cds.lib Invalid path '/apps/cds/xcelium2409/tools/inca/files/NCMODELS' (cds.lib command ignored).
DEFINE xmutils ./XMUTILS
|
xrun: *W,DLCPTH (/apps/cds/xcelium2409/tools/inca/files/cdsvhdl.lib,9): cds.lib Invalid path '/apps/cds/xcelium2409/tools/inca/files/XMUTILS' (cds.lib command ignored).
DEFINE xminternal ./XMINTERNAL
|
xrun: *W,DLCPTH (/apps/cds/xcelium2409/tools/inca/files/cdsvhdl.lib,10): cds.lib Invalid path '/apps/cds/xcelium2409/tools/inca/files/XMINTERNAL' (cds.lib command ignored).
DEFINE xmmodels ./XMMODELS
|
xrun: *W,DLCPTH (/apps/cds/xcelium2409/tools/inca/files/cdsvhdl.lib,11): cds.lib Invalid path '/apps/cds/xcelium2409/tools/inca/files/XMMODELS' (cds.lib command ignored).
DEFINE cds_assertions ./CDS_ASSERTIONS
|
xrun: *W,DLCPTH (/apps/cds/xcelium2409/tools/inca/files/cdsvhdl.lib,12): cds.lib Invalid path '/apps/cds/xcelium2409/tools/inca/files/CDS_ASSERTIONS' (cds.lib command ignored).
DEFINE cds_inhconn ./CDS_INHCONN
|
xrun: *W,DLCPTH (/apps/cds/xcelium2409/tools/inca/files/cdsvhdl.lib,13): cds.lib Invalid path '/apps/cds/xcelium2409/tools/inca/files/CDS_INHCONN' (cds.lib command ignored).
DEFINE cds_spicelib ./CDS_SPICELIB
|
xrun: *W,DLCPTH (/apps/cds/xcelium2409/tools/inca/files/cdsvhdl.lib,14): cds.lib Invalid path '/apps/cds/xcelium2409/tools/inca/files/CDS_SPICELIB' (cds.lib command ignored).
DEFINE cds_amsfunctions ./CDS_AMSFUNCTIONS
|
xrun: *W,DLCPTH (/apps/cds/xcelium2409/tools/inca/files/cdsvhdl.lib,15): cds.lib Invalid path '/apps/cds/xcelium2409/tools/inca/files/CDS_AMSFUNCTIONS' (cds.lib command ignored).
DEFINE std       ./STD
|
xrun: *W,DLCPTH (/apps/cds/xcelium2409/tools/inca/files/cdsvhdl.lib,1): cds.lib Invalid path '/apps/cds/xcelium2409/tools/inca/files/STD' (cds.lib command ignored).
DEFINE synopsys  ./SYNOPSYS
|
xrun: *W,DLCPTH (/apps/cds/xcelium2409/tools/inca/files/cdsvhdl.lib,2): cds.lib Invalid path '/apps/cds/xcelium2409/tools/inca/files/SYNOPSYS' (cds.lib command ignored).
DEFINE ieee      ./IEEE
|
xrun: *W,DLCPTH (/apps/cds/xcelium2409/tools/inca/files/cdsvhdl.lib,3): cds.lib Invalid path '/apps/cds/xcelium2409/tools/inca/files/IEEE' (cds.lib command ignored).
DEFINE ambit     ./AMBIT
|
xrun: *W,DLCPTH (/apps/cds/xcelium2409/tools/inca/files/cdsvhdl.lib,4): cds.lib Invalid path '/apps/cds/xcelium2409/tools/inca/files/AMBIT' (cds.lib command ignored).
DEFINE vital_memory ./VITAL_MEMORY
|
xrun: *W,DLCPTH (/apps/cds/xcelium2409/tools/inca/files/cdsvhdl.lib,5): cds.lib Invalid path '/apps/cds/xcelium2409/tools/inca/files/VITAL_MEMORY' (cds.lib command ignored).
DEFINE ncutils ./NCUTILS
|
xrun: *W,DLCPTH (/apps/cds/xcelium2409/tools/inca/files/cdsvhdl.lib,6): cds.lib Invalid path '/apps/cds/xcelium2409/tools/inca/files/NCUTILS' (cds.lib command ignored).
DEFINE ncinternal ./NCINTERNAL
|
xrun: *W,DLCPTH (/apps/cds/xcelium2409/tools/inca/files/cdsvhdl.lib,7): cds.lib Invalid path '/apps/cds/xcelium2409/tools/inca/files/NCINTERNAL' (cds.lib command ignored).
DEFINE ncmodels ./NCMODELS
|
xrun: *W,DLCPTH (/apps/cds/xcelium2409/tools/inca/files/cdsvhdl.lib,8): cds.lib Invalid path '/apps/cds/xcelium2409/tools/inca/files/NCMODELS' (cds.lib command ignored).
DEFINE xmutils ./XMUTILS
|
xrun: *W,DLCPTH (/apps/cds/xcelium2409/tools/inca/files/cdsvhdl.lib,9): cds.lib Invalid path '/apps/cds/xcelium2409/tools/inca/files/XMUTILS' (cds.lib command ignored).
DEFINE xminternal ./XMINTERNAL
|
xrun: *W,DLCPTH (/apps/cds/xcelium2409/tools/inca/files/cdsvhdl.lib,10): cds.lib Invalid path '/apps/cds/xcelium2409/tools/inca/files/XMINTERNAL' (cds.lib command ignored).
DEFINE xmmodels ./XMMODELS
|
xrun: *W,DLCPTH (/apps/cds/xcelium2409/tools/inca/files/cdsvhdl.lib,11): cds.lib Invalid path '/apps/cds/xcelium2409/tools/inca/files/XMMODELS' (cds.lib command ignored).
DEFINE cds_assertions ./CDS_ASSERTIONS
|
xrun: *W,DLCPTH (/apps/cds/xcelium2409/tools/inca/files/cdsvhdl.lib,12): cds.lib Invalid path '/apps/cds/xcelium2409/tools/inca/files/CDS_ASSERTIONS' (cds.lib command ignored).
DEFINE cds_inhconn ./CDS_INHCONN
|
xrun: *W,DLCPTH (/apps/cds/xcelium2409/tools/inca/files/cdsvhdl.lib,13): cds.lib Invalid path '/apps/cds/xcelium2409/tools/inca/files/CDS_INHCONN' (cds.lib command ignored).
DEFINE cds_spicelib ./CDS_SPICELIB
|
xrun: *W,DLCPTH (/apps/cds/xcelium2409/tools/inca/files/cdsvhdl.lib,14): cds.lib Invalid path '/apps/cds/xcelium2409/tools/inca/files/CDS_SPICELIB' (cds.lib command ignored).
DEFINE cds_amsfunctions ./CDS_AMSFUNCTIONS
|
xrun: *W,DLCPTH (/apps/cds/xcelium2409/tools/inca/files/cdsvhdl.lib,15): cds.lib Invalid path '/apps/cds/xcelium2409/tools/inca/files/CDS_AMSFUNCTIONS' (cds.lib command ignored).
DEFINE std       ./STD
|
xrun: *W,DLCPTH (/apps/cds/xcelium2409/tools/inca/files/cdsvhdl.lib,1): cds.lib Invalid path '/apps/cds/xcelium2409/tools/inca/files/STD' (cds.lib command ignored).
DEFINE synopsys  ./SYNOPSYS
|
xrun: *W,DLCPTH (/apps/cds/xcelium2409/tools/inca/files/cdsvhdl.lib,2): cds.lib Invalid path '/apps/cds/xcelium2409/tools/inca/files/SYNOPSYS' (cds.lib command ignored).
DEFINE ieee      ./IEEE
|
xrun: *W,DLCPTH (/apps/cds/xcelium2409/tools/inca/files/cdsvhdl.lib,3): cds.lib Invalid path '/apps/cds/xcelium2409/tools/inca/files/IEEE' (cds.lib command ignored).
DEFINE ambit     ./AMBIT
|
xrun: *W,DLCPTH (/apps/cds/xcelium2409/tools/inca/files/cdsvhdl.lib,4): cds.lib Invalid path '/apps/cds/xcelium2409/tools/inca/files/AMBIT' (cds.lib command ignored).
DEFINE vital_memory ./VITAL_MEMORY
|
xrun: *W,DLCPTH (/apps/cds/xcelium2409/tools/inca/files/cdsvhdl.lib,5): cds.lib Invalid path '/apps/cds/xcelium2409/tools/inca/files/VITAL_MEMORY' (cds.lib command ignored).
DEFINE ncutils ./NCUTILS
|
xrun: *W,DLCPTH (/apps/cds/xcelium2409/tools/inca/files/cdsvhdl.lib,6): cds.lib Invalid path '/apps/cds/xcelium2409/tools/inca/files/NCUTILS' (cds.lib command ignored).
DEFINE ncinternal ./NCINTERNAL
|
xrun: *W,DLCPTH (/apps/cds/xcelium2409/tools/inca/files/cdsvhdl.lib,7): cds.lib Invalid path '/apps/cds/xcelium2409/tools/inca/files/NCINTERNAL' (cds.lib command ignored).
DEFINE ncmodels ./NCMODELS
|
xrun: *W,DLCPTH (/apps/cds/xcelium2409/tools/inca/files/cdsvhdl.lib,8): cds.lib Invalid path '/apps/cds/xcelium2409/tools/inca/files/NCMODELS' (cds.lib command ignored).
DEFINE xmutils ./XMUTILS
|
xrun: *W,DLCPTH (/apps/cds/xcelium2409/tools/inca/files/cdsvhdl.lib,9): cds.lib Invalid path '/apps/cds/xcelium2409/tools/inca/files/XMUTILS' (cds.lib command ignored).
DEFINE xminternal ./XMINTERNAL
|
xrun: *W,DLCPTH (/apps/cds/xcelium2409/tools/inca/files/cdsvhdl.lib,10): cds.lib Invalid path '/apps/cds/xcelium2409/tools/inca/files/XMINTERNAL' (cds.lib command ignored).
DEFINE xmmodels ./XMMODELS
|
xrun: *W,DLCPTH (/apps/cds/xcelium2409/tools/inca/files/cdsvhdl.lib,11): cds.lib Invalid path '/apps/cds/xcelium2409/tools/inca/files/XMMODELS' (cds.lib command ignored).
DEFINE cds_assertions ./CDS_ASSERTIONS
|
xrun: *W,DLCPTH (/apps/cds/xcelium2409/tools/inca/files/cdsvhdl.lib,12): cds.lib Invalid path '/apps/cds/xcelium2409/tools/inca/files/CDS_ASSERTIONS' (cds.lib command ignored).
DEFINE cds_inhconn ./CDS_INHCONN
|
xrun: *W,DLCPTH (/apps/cds/xcelium2409/tools/inca/files/cdsvhdl.lib,13): cds.lib Invalid path '/apps/cds/xcelium2409/tools/inca/files/CDS_INHCONN' (cds.lib command ignored).
DEFINE cds_spicelib ./CDS_SPICELIB
|
xrun: *W,DLCPTH (/apps/cds/xcelium2409/tools/inca/files/cdsvhdl.lib,14): cds.lib Invalid path '/apps/cds/xcelium2409/tools/inca/files/CDS_SPICELIB' (cds.lib command ignored).
DEFINE cds_amsfunctions ./CDS_AMSFUNCTIONS
|
xrun: *W,DLCPTH (/apps/cds/xcelium2409/tools/inca/files/cdsvhdl.lib,15): cds.lib Invalid path '/apps/cds/xcelium2409/tools/inca/files/CDS_AMSFUNCTIONS' (cds.lib command ignored).
DEFINE std       ./STD
|
xmvlog: *W,DLCPTH (/apps/cds/xcelium2409/tools/inca/files/cdsvhdl.lib,1): cds.lib Invalid path '/apps/cds/xcelium2409/tools/inca/files/STD' (cds.lib command ignored).
DEFINE synopsys  ./SYNOPSYS
|
xmvlog: *W,DLCPTH (/apps/cds/xcelium2409/tools/inca/files/cdsvhdl.lib,2): cds.lib Invalid path '/apps/cds/xcelium2409/tools/inca/files/SYNOPSYS' (cds.lib command ignored).
DEFINE ieee      ./IEEE
|
xmvlog: *W,DLCPTH (/apps/cds/xcelium2409/tools/inca/files/cdsvhdl.lib,3): cds.lib Invalid path '/apps/cds/xcelium2409/tools/inca/files/IEEE' (cds.lib command ignored).
DEFINE ambit     ./AMBIT
|
xmvlog: *W,DLCPTH (/apps/cds/xcelium2409/tools/inca/files/cdsvhdl.lib,4): cds.lib Invalid path '/apps/cds/xcelium2409/tools/inca/files/AMBIT' (cds.lib command ignored).
DEFINE vital_memory ./VITAL_MEMORY
|
xmvlog: *W,DLCPTH (/apps/cds/xcelium2409/tools/inca/files/cdsvhdl.lib,5): cds.lib Invalid path '/apps/cds/xcelium2409/tools/inca/files/VITAL_MEMORY' (cds.lib command ignored).
DEFINE ncutils ./NCUTILS
|
xmvlog: *W,DLCPTH (/apps/cds/xcelium2409/tools/inca/files/cdsvhdl.lib,6): cds.lib Invalid path '/apps/cds/xcelium2409/tools/inca/files/NCUTILS' (cds.lib command ignored).
DEFINE ncinternal ./NCINTERNAL
|
xmvlog: *W,DLCPTH (/apps/cds/xcelium2409/tools/inca/files/cdsvhdl.lib,7): cds.lib Invalid path '/apps/cds/xcelium2409/tools/inca/files/NCINTERNAL' (cds.lib command ignored).
DEFINE ncmodels ./NCMODELS
|
xmvlog: *W,DLCPTH (/apps/cds/xcelium2409/tools/inca/files/cdsvhdl.lib,8): cds.lib Invalid path '/apps/cds/xcelium2409/tools/inca/files/NCMODELS' (cds.lib command ignored).
DEFINE xmutils ./XMUTILS
|
xmvlog: *W,DLCPTH (/apps/cds/xcelium2409/tools/inca/files/cdsvhdl.lib,9): cds.lib Invalid path '/apps/cds/xcelium2409/tools/inca/files/XMUTILS' (cds.lib command ignored).
DEFINE xminternal ./XMINTERNAL
|
xmvlog: *W,DLCPTH (/apps/cds/xcelium2409/tools/inca/files/cdsvhdl.lib,10): cds.lib Invalid path '/apps/cds/xcelium2409/tools/inca/files/XMINTERNAL' (cds.lib command ignored).
DEFINE xmmodels ./XMMODELS
|
xmvlog: *W,DLCPTH (/apps/cds/xcelium2409/tools/inca/files/cdsvhdl.lib,11): cds.lib Invalid path '/apps/cds/xcelium2409/tools/inca/files/XMMODELS' (cds.lib command ignored).
DEFINE cds_assertions ./CDS_ASSERTIONS
|
xmvlog: *W,DLCPTH (/apps/cds/xcelium2409/tools/inca/files/cdsvhdl.lib,12): cds.lib Invalid path '/apps/cds/xcelium2409/tools/inca/files/CDS_ASSERTIONS' (cds.lib command ignored).
DEFINE cds_inhconn ./CDS_INHCONN
|
xmvlog: *W,DLCPTH (/apps/cds/xcelium2409/tools/inca/files/cdsvhdl.lib,13): cds.lib Invalid path '/apps/cds/xcelium2409/tools/inca/files/CDS_INHCONN' (cds.lib command ignored).
DEFINE cds_spicelib ./CDS_SPICELIB
|
xmvlog: *W,DLCPTH (/apps/cds/xcelium2409/tools/inca/files/cdsvhdl.lib,14): cds.lib Invalid path '/apps/cds/xcelium2409/tools/inca/files/CDS_SPICELIB' (cds.lib command ignored).
DEFINE cds_amsfunctions ./CDS_AMSFUNCTIONS
|
xmvlog: *W,DLCPTH (/apps/cds/xcelium2409/tools/inca/files/cdsvhdl.lib,15): cds.lib Invalid path '/apps/cds/xcelium2409/tools/inca/files/CDS_AMSFUNCTIONS' (cds.lib command ignored).
file: ../sv/yapp_pkg.sv
package yapp_pkg;
               |
xmvlog: *W,TSNSPK (../sv/yapp_pkg.sv,1|15): `timescale is not specified for the package.  The default timescale of 1ns/1ns will be assumed for this package.
	package worklib.yapp_pkg:sv
		errors: 0, warnings: 1
file: top.sv
	module worklib.top:sv
		errors: 0, warnings: 0
	Total errors/warnings found outside modules and primitives:
		errors: 0, warnings: 15
DEFINE std       ./STD
|
xrun: *W,DLCPTH (/apps/cds/xcelium2409/tools/inca/files/cdsvhdl.lib,1): cds.lib Invalid path '/apps/cds/xcelium2409/tools/inca/files/STD' (cds.lib command ignored).
DEFINE synopsys  ./SYNOPSYS
|
xrun: *W,DLCPTH (/apps/cds/xcelium2409/tools/inca/files/cdsvhdl.lib,2): cds.lib Invalid path '/apps/cds/xcelium2409/tools/inca/files/SYNOPSYS' (cds.lib command ignored).
DEFINE ieee      ./IEEE
|
xrun: *W,DLCPTH (/apps/cds/xcelium2409/tools/inca/files/cdsvhdl.lib,3): cds.lib Invalid path '/apps/cds/xcelium2409/tools/inca/files/IEEE' (cds.lib command ignored).
DEFINE ambit     ./AMBIT
|
xrun: *W,DLCPTH (/apps/cds/xcelium2409/tools/inca/files/cdsvhdl.lib,4): cds.lib Invalid path '/apps/cds/xcelium2409/tools/inca/files/AMBIT' (cds.lib command ignored).
DEFINE vital_memory ./VITAL_MEMORY
|
xrun: *W,DLCPTH (/apps/cds/xcelium2409/tools/inca/files/cdsvhdl.lib,5): cds.lib Invalid path '/apps/cds/xcelium2409/tools/inca/files/VITAL_MEMORY' (cds.lib command ignored).
DEFINE ncutils ./NCUTILS
|
xrun: *W,DLCPTH (/apps/cds/xcelium2409/tools/inca/files/cdsvhdl.lib,6): cds.lib Invalid path '/apps/cds/xcelium2409/tools/inca/files/NCUTILS' (cds.lib command ignored).
DEFINE ncinternal ./NCINTERNAL
|
xrun: *W,DLCPTH (/apps/cds/xcelium2409/tools/inca/files/cdsvhdl.lib,7): cds.lib Invalid path '/apps/cds/xcelium2409/tools/inca/files/NCINTERNAL' (cds.lib command ignored).
DEFINE ncmodels ./NCMODELS
|
xrun: *W,DLCPTH (/apps/cds/xcelium2409/tools/inca/files/cdsvhdl.lib,8): cds.lib Invalid path '/apps/cds/xcelium2409/tools/inca/files/NCMODELS' (cds.lib command ignored).
DEFINE xmutils ./XMUTILS
|
xrun: *W,DLCPTH (/apps/cds/xcelium2409/tools/inca/files/cdsvhdl.lib,9): cds.lib Invalid path '/apps/cds/xcelium2409/tools/inca/files/XMUTILS' (cds.lib command ignored).
DEFINE xminternal ./XMINTERNAL
|
xrun: *W,DLCPTH (/apps/cds/xcelium2409/tools/inca/files/cdsvhdl.lib,10): cds.lib Invalid path '/apps/cds/xcelium2409/tools/inca/files/XMINTERNAL' (cds.lib command ignored).
DEFINE xmmodels ./XMMODELS
|
xrun: *W,DLCPTH (/apps/cds/xcelium2409/tools/inca/files/cdsvhdl.lib,11): cds.lib Invalid path '/apps/cds/xcelium2409/tools/inca/files/XMMODELS' (cds.lib command ignored).
DEFINE cds_assertions ./CDS_ASSERTIONS
|
xrun: *W,DLCPTH (/apps/cds/xcelium2409/tools/inca/files/cdsvhdl.lib,12): cds.lib Invalid path '/apps/cds/xcelium2409/tools/inca/files/CDS_ASSERTIONS' (cds.lib command ignored).
DEFINE cds_inhconn ./CDS_INHCONN
|
xrun: *W,DLCPTH (/apps/cds/xcelium2409/tools/inca/files/cdsvhdl.lib,13): cds.lib Invalid path '/apps/cds/xcelium2409/tools/inca/files/CDS_INHCONN' (cds.lib command ignored).
DEFINE cds_spicelib ./CDS_SPICELIB
|
xrun: *W,DLCPTH (/apps/cds/xcelium2409/tools/inca/files/cdsvhdl.lib,14): cds.lib Invalid path '/apps/cds/xcelium2409/tools/inca/files/CDS_SPICELIB' (cds.lib command ignored).
DEFINE cds_amsfunctions ./CDS_AMSFUNCTIONS
|
xrun: *W,DLCPTH (/apps/cds/xcelium2409/tools/inca/files/cdsvhdl.lib,15): cds.lib Invalid path '/apps/cds/xcelium2409/tools/inca/files/CDS_AMSFUNCTIONS' (cds.lib command ignored).
DEFINE std       ./STD
|
xrun: *W,DLCPTH (/apps/cds/xcelium2409/tools/inca/files/cdsvhdl.lib,1): cds.lib Invalid path '/apps/cds/xcelium2409/tools/inca/files/STD' (cds.lib command ignored).
DEFINE synopsys  ./SYNOPSYS
|
xrun: *W,DLCPTH (/apps/cds/xcelium2409/tools/inca/files/cdsvhdl.lib,2): cds.lib Invalid path '/apps/cds/xcelium2409/tools/inca/files/SYNOPSYS' (cds.lib command ignored).
DEFINE ieee      ./IEEE
|
xrun: *W,DLCPTH (/apps/cds/xcelium2409/tools/inca/files/cdsvhdl.lib,3): cds.lib Invalid path '/apps/cds/xcelium2409/tools/inca/files/IEEE' (cds.lib command ignored).
DEFINE ambit     ./AMBIT
|
xrun: *W,DLCPTH (/apps/cds/xcelium2409/tools/inca/files/cdsvhdl.lib,4): cds.lib Invalid path '/apps/cds/xcelium2409/tools/inca/files/AMBIT' (cds.lib command ignored).
DEFINE vital_memory ./VITAL_MEMORY
|
xrun: *W,DLCPTH (/apps/cds/xcelium2409/tools/inca/files/cdsvhdl.lib,5): cds.lib Invalid path '/apps/cds/xcelium2409/tools/inca/files/VITAL_MEMORY' (cds.lib command ignored).
DEFINE ncutils ./NCUTILS
|
xrun: *W,DLCPTH (/apps/cds/xcelium2409/tools/inca/files/cdsvhdl.lib,6): cds.lib Invalid path '/apps/cds/xcelium2409/tools/inca/files/NCUTILS' (cds.lib command ignored).
DEFINE ncinternal ./NCINTERNAL
|
xrun: *W,DLCPTH (/apps/cds/xcelium2409/tools/inca/files/cdsvhdl.lib,7): cds.lib Invalid path '/apps/cds/xcelium2409/tools/inca/files/NCINTERNAL' (cds.lib command ignored).
DEFINE ncmodels ./NCMODELS
|
xrun: *W,DLCPTH (/apps/cds/xcelium2409/tools/inca/files/cdsvhdl.lib,8): cds.lib Invalid path '/apps/cds/xcelium2409/tools/inca/files/NCMODELS' (cds.lib command ignored).
DEFINE xmutils ./XMUTILS
|
xrun: *W,DLCPTH (/apps/cds/xcelium2409/tools/inca/files/cdsvhdl.lib,9): cds.lib Invalid path '/apps/cds/xcelium2409/tools/inca/files/XMUTILS' (cds.lib command ignored).
DEFINE xminternal ./XMINTERNAL
|
xrun: *W,DLCPTH (/apps/cds/xcelium2409/tools/inca/files/cdsvhdl.lib,10): cds.lib Invalid path '/apps/cds/xcelium2409/tools/inca/files/XMINTERNAL' (cds.lib command ignored).
DEFINE xmmodels ./XMMODELS
|
xrun: *W,DLCPTH (/apps/cds/xcelium2409/tools/inca/files/cdsvhdl.lib,11): cds.lib Invalid path '/apps/cds/xcelium2409/tools/inca/files/XMMODELS' (cds.lib command ignored).
DEFINE cds_assertions ./CDS_ASSERTIONS
|
xrun: *W,DLCPTH (/apps/cds/xcelium2409/tools/inca/files/cdsvhdl.lib,12): cds.lib Invalid path '/apps/cds/xcelium2409/tools/inca/files/CDS_ASSERTIONS' (cds.lib command ignored).
DEFINE cds_inhconn ./CDS_INHCONN
|
xrun: *W,DLCPTH (/apps/cds/xcelium2409/tools/inca/files/cdsvhdl.lib,13): cds.lib Invalid path '/apps/cds/xcelium2409/tools/inca/files/CDS_INHCONN' (cds.lib command ignored).
DEFINE cds_spicelib ./CDS_SPICELIB
|
xrun: *W,DLCPTH (/apps/cds/xcelium2409/tools/inca/files/cdsvhdl.lib,14): cds.lib Invalid path '/apps/cds/xcelium2409/tools/inca/files/CDS_SPICELIB' (cds.lib command ignored).
DEFINE cds_amsfunctions ./CDS_AMSFUNCTIONS
|
xrun: *W,DLCPTH (/apps/cds/xcelium2409/tools/inca/files/cdsvhdl.lib,15): cds.lib Invalid path '/apps/cds/xcelium2409/tools/inca/files/CDS_AMSFUNCTIONS' (cds.lib command ignored).
DEFINE std       ./STD
|
xmelab: *W,DLCPTH (/apps/cds/xcelium2409/tools/inca/files/cdsvhdl.lib,1): cds.lib Invalid path '/apps/cds/xcelium2409/tools/inca/files/STD' (cds.lib command ignored).
DEFINE synopsys  ./SYNOPSYS
|
xmelab: *W,DLCPTH (/apps/cds/xcelium2409/tools/inca/files/cdsvhdl.lib,2): cds.lib Invalid path '/apps/cds/xcelium2409/tools/inca/files/SYNOPSYS' (cds.lib command ignored).
DEFINE ieee      ./IEEE
|
xmelab: *W,DLCPTH (/apps/cds/xcelium2409/tools/inca/files/cdsvhdl.lib,3): cds.lib Invalid path '/apps/cds/xcelium2409/tools/inca/files/IEEE' (cds.lib command ignored).
DEFINE ambit     ./AMBIT
|
xmelab: *W,DLCPTH (/apps/cds/xcelium2409/tools/inca/files/cdsvhdl.lib,4): cds.lib Invalid path '/apps/cds/xcelium2409/tools/inca/files/AMBIT' (cds.lib command ignored).
DEFINE vital_memory ./VITAL_MEMORY
|
xmelab: *W,DLCPTH (/apps/cds/xcelium2409/tools/inca/files/cdsvhdl.lib,5): cds.lib Invalid path '/apps/cds/xcelium2409/tools/inca/files/VITAL_MEMORY' (cds.lib command ignored).
DEFINE ncutils ./NCUTILS
|
xmelab: *W,DLCPTH (/apps/cds/xcelium2409/tools/inca/files/cdsvhdl.lib,6): cds.lib Invalid path '/apps/cds/xcelium2409/tools/inca/files/NCUTILS' (cds.lib command ignored).
DEFINE ncinternal ./NCINTERNAL
|
xmelab: *W,DLCPTH (/apps/cds/xcelium2409/tools/inca/files/cdsvhdl.lib,7): cds.lib Invalid path '/apps/cds/xcelium2409/tools/inca/files/NCINTERNAL' (cds.lib command ignored).
DEFINE ncmodels ./NCMODELS
|
xmelab: *W,DLCPTH (/apps/cds/xcelium2409/tools/inca/files/cdsvhdl.lib,8): cds.lib Invalid path '/apps/cds/xcelium2409/tools/inca/files/NCMODELS' (cds.lib command ignored).
DEFINE xmutils ./XMUTILS
|
xmelab: *W,DLCPTH (/apps/cds/xcelium2409/tools/inca/files/cdsvhdl.lib,9): cds.lib Invalid path '/apps/cds/xcelium2409/tools/inca/files/XMUTILS' (cds.lib command ignored).
DEFINE xminternal ./XMINTERNAL
|
xmelab: *W,DLCPTH (/apps/cds/xcelium2409/tools/inca/files/cdsvhdl.lib,10): cds.lib Invalid path '/apps/cds/xcelium2409/tools/inca/files/XMINTERNAL' (cds.lib command ignored).
DEFINE xmmodels ./XMMODELS
|
xmelab: *W,DLCPTH (/apps/cds/xcelium2409/tools/inca/files/cdsvhdl.lib,11): cds.lib Invalid path '/apps/cds/xcelium2409/tools/inca/files/XMMODELS' (cds.lib command ignored).
DEFINE cds_assertions ./CDS_ASSERTIONS
|
xmelab: *W,DLCPTH (/apps/cds/xcelium2409/tools/inca/files/cdsvhdl.lib,12): cds.lib Invalid path '/apps/cds/xcelium2409/tools/inca/files/CDS_ASSERTIONS' (cds.lib command ignored).
DEFINE cds_inhconn ./CDS_INHCONN
|
xmelab: *W,DLCPTH (/apps/cds/xcelium2409/tools/inca/files/cdsvhdl.lib,13): cds.lib Invalid path '/apps/cds/xcelium2409/tools/inca/files/CDS_INHCONN' (cds.lib command ignored).
DEFINE cds_spicelib ./CDS_SPICELIB
|
xmelab: *W,DLCPTH (/apps/cds/xcelium2409/tools/inca/files/cdsvhdl.lib,14): cds.lib Invalid path '/apps/cds/xcelium2409/tools/inca/files/CDS_SPICELIB' (cds.lib command ignored).
DEFINE cds_amsfunctions ./CDS_AMSFUNCTIONS
|
xmelab: *W,DLCPTH (/apps/cds/xcelium2409/tools/inca/files/cdsvhdl.lib,15): cds.lib Invalid path '/apps/cds/xcelium2409/tools/inca/files/CDS_AMSFUNCTIONS' (cds.lib command ignored).
		Caching library 'worklib' ....... Done
	Elaborating the design hierarchy:
	Top level design units:
		uvm_pkg
		yapp_pkg
		top
	Building instance overlay tables: .................... Done
	Generating native compiled code:
DEFINE std       ./STD
|
xmvlog_cg: *W,DLCPTH (/apps/cds/xcelium2409/tools/inca/files/cdsvhdl.lib,1): cds.lib Invalid path '/apps/cds/xcelium2409/tools/inca/files/STD' (cds.lib command ignored).
DEFINE synopsys  ./SYNOPSYS
|
xmvlog_cg: *W,DLCPTH (/apps/cds/xcelium2409/tools/inca/files/cdsvhdl.lib,2): cds.lib Invalid path '/apps/cds/xcelium2409/tools/inca/files/SYNOPSYS' (cds.lib command ignored).
DEFINE ieee      ./IEEE
|
xmvlog_cg: *W,DLCPTH (/apps/cds/xcelium2409/tools/inca/files/cdsvhdl.lib,3): cds.lib Invalid path '/apps/cds/xcelium2409/tools/inca/files/IEEE' (cds.lib command ignored).
DEFINE ambit     ./AMBIT
|
xmvlog_cg: *W,DLCPTH (/apps/cds/xcelium2409/tools/inca/files/cdsvhdl.lib,4): cds.lib Invalid path '/apps/cds/xcelium2409/tools/inca/files/AMBIT' (cds.lib command ignored).
DEFINE vital_memory ./VITAL_MEMORY
|
xmvlog_cg: *W,DLCPTH (/apps/cds/xcelium2409/tools/inca/files/cdsvhdl.lib,5): cds.lib Invalid path '/apps/cds/xcelium2409/tools/inca/files/VITAL_MEMORY' (cds.lib command ignored).
DEFINE ncutils ./NCUTILS
|
xmvlog_cg: *W,DLCPTH (/apps/cds/xcelium2409/tools/inca/files/cdsvhdl.lib,6): cds.lib Invalid path '/apps/cds/xcelium2409/tools/inca/files/NCUTILS' (cds.lib command ignored).
DEFINE ncinternal ./NCINTERNAL
|
xmvlog_cg: *W,DLCPTH (/apps/cds/xcelium2409/tools/inca/files/cdsvhdl.lib,7): cds.lib Invalid path '/apps/cds/xcelium2409/tools/inca/files/NCINTERNAL' (cds.lib command ignored).
DEFINE ncmodels ./NCMODELS
|
xmvlog_cg: *W,DLCPTH (/apps/cds/xcelium2409/tools/inca/files/cdsvhdl.lib,8): cds.lib Invalid path '/apps/cds/xcelium2409/tools/inca/files/NCMODELS' (cds.lib command ignored).
DEFINE xmutils ./XMUTILS
|
xmvlog_cg: *W,DLCPTH (/apps/cds/xcelium2409/tools/inca/files/cdsvhdl.lib,9): cds.lib Invalid path '/apps/cds/xcelium2409/tools/inca/files/XMUTILS' (cds.lib command ignored).
DEFINE xminternal ./XMINTERNAL
|
xmvlog_cg: *W,DLCPTH (/apps/cds/xcelium2409/tools/inca/files/cdsvhdl.lib,10): cds.lib Invalid path '/apps/cds/xcelium2409/tools/inca/files/XMINTERNAL' (cds.lib command ignored).
DEFINE xmmodels ./XMMODELS
|
xmvlog_cg: *W,DLCPTH (/apps/cds/xcelium2409/tools/inca/files/cdsvhdl.lib,11): cds.lib Invalid path '/apps/cds/xcelium2409/tools/inca/files/XMMODELS' (cds.lib command ignored).
DEFINE cds_assertions ./CDS_ASSERTIONS
|
xmvlog_cg: *W,DLCPTH (/apps/cds/xcelium2409/tools/inca/files/cdsvhdl.lib,12): cds.lib Invalid path '/apps/cds/xcelium2409/tools/inca/files/CDS_ASSERTIONS' (cds.lib command ignored).
DEFINE cds_inhconn ./CDS_INHCONN
|
xmvlog_cg: *W,DLCPTH (/apps/cds/xcelium2409/tools/inca/files/cdsvhdl.lib,13): cds.lib Invalid path '/apps/cds/xcelium2409/tools/inca/files/CDS_INHCONN' (cds.lib command ignored).
DEFINE cds_spicelib ./CDS_SPICELIB
|
xmvlog_cg: *W,DLCPTH (/apps/cds/xcelium2409/tools/inca/files/cdsvhdl.lib,14): cds.lib Invalid path '/apps/cds/xcelium2409/tools/inca/files/CDS_SPICELIB' (cds.lib command ignored).
DEFINE cds_amsfunctions ./CDS_AMSFUNCTIONS
|
xmvlog_cg: *W,DLCPTH (/apps/cds/xcelium2409/tools/inca/files/cdsvhdl.lib,15): cds.lib Invalid path '/apps/cds/xcelium2409/tools/inca/files/CDS_AMSFUNCTIONS' (cds.lib command ignored).
		worklib.top:sv <0x0a7715d3>
			streams: 124, words: 81017
		worklib.yapp_pkg:sv <0x02630de6>
			streams: 599, words: 651379
		worklib.uvm_pkg:sv <0x4a5065b7>
			streams: 4512, words: 6636197
	Building instance specific data structures.
	Loading native compiled code:     .................... Done
	Design hierarchy summary:
		                        Instances  Unique
		Modules:                        1       1
		Verilog packages:               2       2
		Registers:                 13,749  10,032
		Named events:                   2      10
		Initial blocks:               306     157
		Parallel blocks:               24      25
		Assertions:                     2       2
		SV Class declarations:        200     314
		SV Class specializations:     389     389
	Writing initial simulation snapshot: worklib.top:sv
DEFINE std       ./STD
|
xmsim: *W,DLCPTH (/apps/cds/xcelium2409/tools/inca/files/cdsvhdl.lib,1): cds.lib Invalid path '/apps/cds/xcelium2409/tools/inca/files/STD' (cds.lib command ignored).
DEFINE synopsys  ./SYNOPSYS
|
xmsim: *W,DLCPTH (/apps/cds/xcelium2409/tools/inca/files/cdsvhdl.lib,2): cds.lib Invalid path '/apps/cds/xcelium2409/tools/inca/files/SYNOPSYS' (cds.lib command ignored).
DEFINE ieee      ./IEEE
|
xmsim: *W,DLCPTH (/apps/cds/xcelium2409/tools/inca/files/cdsvhdl.lib,3): cds.lib Invalid path '/apps/cds/xcelium2409/tools/inca/files/IEEE' (cds.lib command ignored).
DEFINE ambit     ./AMBIT
|
xmsim: *W,DLCPTH (/apps/cds/xcelium2409/tools/inca/files/cdsvhdl.lib,4): cds.lib Invalid path '/apps/cds/xcelium2409/tools/inca/files/AMBIT' (cds.lib command ignored).
DEFINE vital_memory ./VITAL_MEMORY
|
xmsim: *W,DLCPTH (/apps/cds/xcelium2409/tools/inca/files/cdsvhdl.lib,5): cds.lib Invalid path '/apps/cds/xcelium2409/tools/inca/files/VITAL_MEMORY' (cds.lib command ignored).
DEFINE ncutils ./NCUTILS
|
xmsim: *W,DLCPTH (/apps/cds/xcelium2409/tools/inca/files/cdsvhdl.lib,6): cds.lib Invalid path '/apps/cds/xcelium2409/tools/inca/files/NCUTILS' (cds.lib command ignored).
DEFINE ncinternal ./NCINTERNAL
|
xmsim: *W,DLCPTH (/apps/cds/xcelium2409/tools/inca/files/cdsvhdl.lib,7): cds.lib Invalid path '/apps/cds/xcelium2409/tools/inca/files/NCINTERNAL' (cds.lib command ignored).
DEFINE ncmodels ./NCMODELS
|
xmsim: *W,DLCPTH (/apps/cds/xcelium2409/tools/inca/files/cdsvhdl.lib,8): cds.lib Invalid path '/apps/cds/xcelium2409/tools/inca/files/NCMODELS' (cds.lib command ignored).
DEFINE xmutils ./XMUTILS
|
xmsim: *W,DLCPTH (/apps/cds/xcelium2409/tools/inca/files/cdsvhdl.lib,9): cds.lib Invalid path '/apps/cds/xcelium2409/tools/inca/files/XMUTILS' (cds.lib command ignored).
DEFINE xminternal ./XMINTERNAL
|
xmsim: *W,DLCPTH (/apps/cds/xcelium2409/tools/inca/files/cdsvhdl.lib,10): cds.lib Invalid path '/apps/cds/xcelium2409/tools/inca/files/XMINTERNAL' (cds.lib command ignored).
DEFINE xmmodels ./XMMODELS
|
xmsim: *W,DLCPTH (/apps/cds/xcelium2409/tools/inca/files/cdsvhdl.lib,11): cds.lib Invalid path '/apps/cds/xcelium2409/tools/inca/files/XMMODELS' (cds.lib command ignored).
DEFINE cds_assertions ./CDS_ASSERTIONS
|
xmsim: *W,DLCPTH (/apps/cds/xcelium2409/tools/inca/files/cdsvhdl.lib,12): cds.lib Invalid path '/apps/cds/xcelium2409/tools/inca/files/CDS_ASSERTIONS' (cds.lib command ignored).
DEFINE cds_inhconn ./CDS_INHCONN
|
xmsim: *W,DLCPTH (/apps/cds/xcelium2409/tools/inca/files/cdsvhdl.lib,13): cds.lib Invalid path '/apps/cds/xcelium2409/tools/inca/files/CDS_INHCONN' (cds.lib command ignored).
DEFINE cds_spicelib ./CDS_SPICELIB
|
xmsim: *W,DLCPTH (/apps/cds/xcelium2409/tools/inca/files/cdsvhdl.lib,14): cds.lib Invalid path '/apps/cds/xcelium2409/tools/inca/files/CDS_SPICELIB' (cds.lib command ignored).
DEFINE cds_amsfunctions ./CDS_AMSFUNCTIONS
|
xmsim: *W,DLCPTH (/apps/cds/xcelium2409/tools/inca/files/cdsvhdl.lib,15): cds.lib Invalid path '/apps/cds/xcelium2409/tools/inca/files/CDS_AMSFUNCTIONS' (cds.lib command ignored).
Loading snapshot worklib.top:sv .................... Done
SVSEED default: 1
xcelium> source /apps/cds/xcelium2409/tools/xcelium/files/xmsimrc
xcelium> source /apps/cds/xcelium2409/tools/methodology/UVM/CDNS-1.1d/additions/sv/files/tcl/uvm_sim.tcl
xcelium> run
----------------------------------------------------------------
CDNS-UVM-1.1d (24.09-s013)
(C) 2007-2013 Mentor Graphics Corporation
(C) 2007-2013 Cadence Design Systems, Inc.
(C) 2006-2013 Synopsys, Inc.
(C) 2011-2013 Cypress Semiconductor Corp.
----------------------------------------------------------------

  ***********       IMPORTANT RELEASE NOTES         ************

  You are using a version of the UVM library that has been compiled
  with `UVM_NO_DEPRECATED undefined.
  See http://www.eda.org/svdb/view.php?id=3313 for more details.

  You are using a version of the UVM library that has been compiled
  with `UVM_OBJECT_MUST_HAVE_CONSTRUCTOR undefined.
  See http://www.eda.org/svdb/view.php?id=3770 for more details.

      (Specify +UVM_NO_RELNOTES to turn off this notice)

UVM_WARNING @ 0: reporter [MULTTST] Multiple (2) +UVM_TESTNAME arguments provided on the command line.  'short_packet_test' will be used.  Provided list: short_packet_test, exhaustive_seq_test.
UVM_INFO @ 0: reporter [RNTST] Running test short_packet_test...
UVM_INFO @ 0: reporter [UVMTOP] UVM testbench topology:
-----------------------------------------------------------------------
Name                          Type                     Size  Value     
-----------------------------------------------------------------------
uvm_test_top                  short_packet_test        -     @2362     
  tb                          router_tb                -     @2421     
    yapp                      yapp_env                 -     @2479     
      tx_agent                yapp_tx_agent            -     @2510     
        driver                yapp_tx_driver           -     @3215     
          rsp_port            uvm_analysis_port        -     @3313     
            recording_detail  integral                 32    'd1       
          seq_item_port       uvm_seq_item_pull_port   -     @3264     
            recording_detail  integral                 32    'd1       
          recording_detail    integral                 32    'd1       
        monitor               yapp_tx_monitor          -     @10       
          recording_detail    integral                 32    'd1       
        sequencer             yapp_tx_sequencer        -     @2540     
          rsp_export          uvm_analysis_export      -     @2635     
            recording_detail  integral                 32    'd1       
          seq_item_export     uvm_seq_item_pull_imp    -     @3185     
            recording_detail  integral                 32    'd1       
          recording_detail    integral                 32    'd1       
          arbitration_queue   array                    0     -         
          lock_queue          array                    0     -         
          num_last_reqs       integral                 32    'd1       
          num_last_rsps       integral                 32    'd1       
        is_active             uvm_active_passive_enum  1     UVM_ACTIVE
        recording_detail      integral                 32    'd1       
      recording_detail        integral                 32    'd1       
-----------------------------------------------------------------------

UVM_INFO ../sv/yapp_tx_monitor.sv(9) @ 0: uvm_test_top.tb.yapp.tx_agent.monitor [yapp_tx_monitor] Inside monitor run_phase.
UVM_INFO ../sv/yapp_tx_seqs.sv(81) @ 0: uvm_test_top.tb.yapp.tx_agent.sequencer@@yapp_5_packets [yapp_5_packets] Executing yapp_5_packets sequence
UVM_INFO ../sv/yapp_tx_driver.sv(22) @ 0: uvm_test_top.tb.yapp.tx_agent.driver [PKT] Packet to send: 
--------------------------------------------------------------------------------------------------------------
Name                           Type               Size  Value                                                 
--------------------------------------------------------------------------------------------------------------
req                            short_yapp_packet  -     @3423                                                 
  length                       integral           6     'h1                                                   
  addr                         integral           2     'h0                                                   
  payload                      da(integral)       1     -                                                     
    [0]                        integral           8     'h19                                                  
  parity                       integral           8     'h1d                                                  
  parity_type                  parity_t           32    GOOD_PARITY                                           
  packet_delay                 integral           32    'd0                                                   
  begin_time                   time               64    0                                                     
  depth                        int                32    'd2                                                   
  parent sequence (name)       string             14    yapp_5_packets                                        
  parent sequence (full name)  string             54    uvm_test_top.tb.yapp.tx_agent.sequencer.yapp_5_packets
  sequencer                    string             39    uvm_test_top.tb.yapp.tx_agent.sequencer               
--------------------------------------------------------------------------------------------------------------

UVM_INFO ../sv/yapp_tx_driver.sv(22) @ 10: uvm_test_top.tb.yapp.tx_agent.driver [PKT] Packet to send: 
--------------------------------------------------------------------------------------------------------------
Name                           Type               Size  Value                                                 
--------------------------------------------------------------------------------------------------------------
req                            short_yapp_packet  -     @3496                                                 
  length                       integral           6     'h1                                                   
  addr                         integral           2     'h1                                                   
  payload                      da(integral)       1     -                                                     
    [0]                        integral           8     'h7d                                                  
  parity                       integral           8     'h78                                                  
  parity_type                  parity_t           32    GOOD_PARITY                                           
  packet_delay                 integral           32    'd14                                                  
  begin_time                   time               64    10                                                    
  depth                        int                32    'd2                                                   
  parent sequence (name)       string             14    yapp_5_packets                                        
  parent sequence (full name)  string             54    uvm_test_top.tb.yapp.tx_agent.sequencer.yapp_5_packets
  sequencer                    string             39    uvm_test_top.tb.yapp.tx_agent.sequencer               
--------------------------------------------------------------------------------------------------------------

UVM_INFO ../sv/yapp_tx_driver.sv(22) @ 20: uvm_test_top.tb.yapp.tx_agent.driver [PKT] Packet to send: 
--------------------------------------------------------------------------------------------------------------
Name                           Type               Size  Value                                                 
--------------------------------------------------------------------------------------------------------------
req                            short_yapp_packet  -     @3512                                                 
  length                       integral           6     'h7                                                   
  addr                         integral           2     'h0                                                   
  payload                      da(integral)       7     -                                                     
    [0]                        integral           8     'h9                                                   
    [1]                        integral           8     'h90                                                  
    [2]                        integral           8     'h1                                                   
    [3]                        integral           8     'h51                                                  
    [4]                        integral           8     'h2e                                                  
    [5]                        integral           8     'h1d                                                  
    [6]                        integral           8     'hea                                                  
  parity                       integral           8     'hc                                                   
  parity_type                  parity_t           32    GOOD_PARITY                                           
  packet_delay                 integral           32    'd1                                                   
  begin_time                   time               64    20                                                    
  depth                        int                32    'd2                                                   
  parent sequence (name)       string             14    yapp_5_packets                                        
  parent sequence (full name)  string             54    uvm_test_top.tb.yapp.tx_agent.sequencer.yapp_5_packets
  sequencer                    string             39    uvm_test_top.tb.yapp.tx_agent.sequencer               
--------------------------------------------------------------------------------------------------------------

UVM_INFO ../sv/yapp_tx_driver.sv(22) @ 30: uvm_test_top.tb.yapp.tx_agent.driver [PKT] Packet to send: 
--------------------------------------------------------------------------------------------------------------
Name                           Type               Size  Value                                                 
--------------------------------------------------------------------------------------------------------------
req                            short_yapp_packet  -     @3536                                                 
  length                       integral           6     'ha                                                   
  addr                         integral           2     'h1                                                   
  payload                      da(integral)       10    -                                                     
    [0]                        integral           8     'h48                                                  
    [1]                        integral           8     'he                                                   
    [2]                        integral           8     'h71                                                  
    [3]                        integral           8     'h6e                                                  
    [4]                        integral           8     'h48                                                  
    [5]                        integral           8     'h94                                                  
    [6]                        integral           8     'h5a                                                  
    [7]                        integral           8     'h13                                                  
    [8]                        integral           8     'heb                                                  
    [9]                        integral           8     'h8d                                                  
  parity                       integral           8     'h83                                                  
  parity_type                  parity_t           32    GOOD_PARITY                                           
  packet_delay                 integral           32    'd12                                                  
  begin_time                   time               64    30                                                    
  depth                        int                32    'd2                                                   
  parent sequence (name)       string             14    yapp_5_packets                                        
  parent sequence (full name)  string             54    uvm_test_top.tb.yapp.tx_agent.sequencer.yapp_5_packets
  sequencer                    string             39    uvm_test_top.tb.yapp.tx_agent.sequencer               
--------------------------------------------------------------------------------------------------------------

UVM_INFO ../sv/yapp_tx_driver.sv(22) @ 40: uvm_test_top.tb.yapp.tx_agent.driver [PKT] Packet to send: 
--------------------------------------------------------------------------------------------------------------
Name                           Type               Size  Value                                                 
--------------------------------------------------------------------------------------------------------------
req                            short_yapp_packet  -     @3548                                                 
  length                       integral           6     'h3                                                   
  addr                         integral           2     'h0                                                   
  payload                      da(integral)       3     -                                                     
    [0]                        integral           8     'h1c                                                  
    [1]                        integral           8     'h90                                                  
    [2]                        integral           8     'h2b                                                  
  parity                       integral           8     'hab                                                  
  parity_type                  parity_t           32    GOOD_PARITY                                           
  packet_delay                 integral           32    'd14                                                  
  begin_time                   time               64    40                                                    
  depth                        int                32    'd2                                                   
  parent sequence (name)       string             14    yapp_5_packets                                        
  parent sequence (full name)  string             54    uvm_test_top.tb.yapp.tx_agent.sequencer.yapp_5_packets
  sequencer                    string             39    uvm_test_top.tb.yapp.tx_agent.sequencer               
--------------------------------------------------------------------------------------------------------------

UVM_INFO /apps/cds/xcelium2409/tools/methodology/UVM/CDNS-1.1d/sv/src/base/uvm_objection.svh(1268) @ 50: reporter [TEST_DONE] 'run' phase is ready to proceed to the 'extract' phase

--- UVM Report Summary ---

** Report counts by severity
UVM_INFO :   10
UVM_WARNING :    1
UVM_ERROR :    0
UVM_FATAL :    0
** Report counts by id
[MULTTST]     1
[PKT]     5
[RNTST]     1
[TEST_DONE]     1
[UVMTOP]     1
[yapp_5_packets]     1
[yapp_tx_monitor]     1
Simulation complete via $finish(1) at time 50 NS + 49
/apps/cds/xcelium2409/tools/methodology/UVM/CDNS-1.1d/sv/src/base/uvm_root.svh:457     $finish;
xcelium> exit
TOOL:	xrun(64)	24.09-s013: Exiting on Sep 21, 2026 at 14:18:20 EDT  (total: 00:00:06)
